------------------------------------------------------------
TimeQuest Timing Analyzer Summary
------------------------------------------------------------

Type  : Slow 1200mV 85C Model Setup 'inst6'
Slack : -0.828
TNS   : -2.343

Type  : Slow 1200mV 85C Model Setup 'clock'
Slack : -0.759
TNS   : -3.033

Type  : Slow 1200mV 85C Model Setup 'lpm_counter0:inst1|lpm_counter:LPM_COUNTER_component|cntr_obi:auto_generated|counter_reg_bit[0]'
Slack : 0.331
TNS   : 0.000

Type  : Slow 1200mV 85C Model Hold 'clock'
Slack : -0.994
TNS   : -3.976

Type  : Slow 1200mV 85C Model Hold 'lpm_counter0:inst1|lpm_counter:LPM_COUNTER_component|cntr_obi:auto_generated|counter_reg_bit[0]'
Slack : -0.323
TNS   : -0.323

Type  : Slow 1200mV 85C Model Hold 'inst6'
Slack : 0.375
TNS   : 0.000

Type  : Slow 1200mV 85C Model Minimum Pulse Width 'clock'
Slack : -3.000
TNS   : -7.000

Type  : Slow 1200mV 85C Model Minimum Pulse Width 'inst6'
Slack : -1.000
TNS   : -4.000

Type  : Slow 1200mV 85C Model Minimum Pulse Width 'lpm_counter0:inst1|lpm_counter:LPM_COUNTER_component|cntr_obi:auto_generated|counter_reg_bit[0]'
Slack : -1.000
TNS   : -1.000

Type  : Slow 1200mV 0C Model Setup 'inst6'
Slack : -0.704
TNS   : -1.728

Type  : Slow 1200mV 0C Model Setup 'clock'
Slack : -0.584
TNS   : -2.331

Type  : Slow 1200mV 0C Model Setup 'lpm_counter0:inst1|lpm_counter:LPM_COUNTER_component|cntr_obi:auto_generated|counter_reg_bit[0]'
Slack : 0.368
TNS   : 0.000

Type  : Slow 1200mV 0C Model Hold 'clock'
Slack : -0.932
TNS   : -3.728

Type  : Slow 1200mV 0C Model Hold 'lpm_counter0:inst1|lpm_counter:LPM_COUNTER_component|cntr_obi:auto_generated|counter_reg_bit[0]'
Slack : -0.320
TNS   : -0.320

Type  : Slow 1200mV 0C Model Hold 'inst6'
Slack : 0.334
TNS   : 0.000

Type  : Slow 1200mV 0C Model Minimum Pulse Width 'clock'
Slack : -3.000
TNS   : -7.000

Type  : Slow 1200mV 0C Model Minimum Pulse Width 'inst6'
Slack : -1.000
TNS   : -4.000

Type  : Slow 1200mV 0C Model Minimum Pulse Width 'lpm_counter0:inst1|lpm_counter:LPM_COUNTER_component|cntr_obi:auto_generated|counter_reg_bit[0]'
Slack : -1.000
TNS   : -1.000

Type  : Fast 1200mV 0C Model Setup 'inst6'
Slack : -0.195
TNS   : -0.195

Type  : Fast 1200mV 0C Model Setup 'clock'
Slack : 0.035
TNS   : 0.000

Type  : Fast 1200mV 0C Model Setup 'lpm_counter0:inst1|lpm_counter:LPM_COUNTER_component|cntr_obi:auto_generated|counter_reg_bit[0]'
Slack : 0.398
TNS   : 0.000

Type  : Fast 1200mV 0C Model Hold 'clock'
Slack : -0.548
TNS   : -2.192

Type  : Fast 1200mV 0C Model Hold 'lpm_counter0:inst1|lpm_counter:LPM_COUNTER_component|cntr_obi:auto_generated|counter_reg_bit[0]'
Slack : -0.176
TNS   : -0.176

Type  : Fast 1200mV 0C Model Hold 'inst6'
Slack : 0.197
TNS   : 0.000

Type  : Fast 1200mV 0C Model Minimum Pulse Width 'clock'
Slack : -3.000
TNS   : -7.356

Type  : Fast 1200mV 0C Model Minimum Pulse Width 'inst6'
Slack : -1.000
TNS   : -4.000

Type  : Fast 1200mV 0C Model Minimum Pulse Width 'lpm_counter0:inst1|lpm_counter:LPM_COUNTER_component|cntr_obi:auto_generated|counter_reg_bit[0]'
Slack : -1.000
TNS   : -1.000

------------------------------------------------------------
